// Jest Snapshot v1, https://goo.gl/fbAQLP

exports[`Render Edit Loading State of Edit Form 1`] = `
<p>
  Loading...
</p>
`;
